
Running 7 tests using 1 worker

  ✓  1 [chromium] › tests\post-edit-delete.spec.ts:74:7 › Story 9 post edit & delete › author sees edit and delete controls on their post (1.6s)
  ✓  2 [chromium] › tests\post-edit-delete.spec.ts:83:7 › Story 9 post edit & delete › non-author does not see edit/delete controls (2.6s)
  ✓  3 [chromium] › tests\post-edit-delete.spec.ts:96:7 › Story 9 post edit & delete › guest does not see edit/delete controls (1.6s)
  ✓  4 [chromium] › tests\post-edit-delete.spec.ts:106:7 › Story 9 post edit & delete › edit form pre-populates existing fields and saves changes (1.8s)
  ✓  5 [chromium] › tests\post-edit-delete.spec.ts:129:7 › Story 9 post edit & delete › unauthenticated user is redirected from edit page to login (1.6s)
  ✓  6 [chromium] › tests\post-edit-delete.spec.ts:138:7 › Story 9 post edit & delete › non-author gets 403 on edit page (2.6s)
  ✓  7 [chromium] › tests\post-edit-delete.spec.ts:149:7 › Story 9 post edit & delete › delete shows confirmation dialog and redirects after deletion (1.9s)

  7 passed (14.3s)
